// Jest Snapshot v1, https://goo.gl/fbAQLP

exports[`Preubas en <GifCollectionItem/> Debe mostrar el componente correctamente  1`] = `
<div
  className="card animate__animated animate__backInUp"
>
  <img
    alt="Hola amigos"
    src="https://localhost/amigo.jpg"
  />
  <p>
    Hola amigos
  </p>
</div>
`;
